{
  "type": "user_transaction",
  "version": "2",
  "hash": "0xba9f68d656259750fdd87d6448bfff411daa120eaa47c8209020d5697598e04d",
  "state_root_hash": "0x3d4fc0cbc3377f547c0ac2fa3ad4121767dd3411e2090ece425e35e58b2b83cf",
  "event_root_hash": "0x414343554d554c41544f525f504c414345484f4c4445525f4841534800000000",
  "gas_used": "1",
  "success": false,
  "vm_status": "Move bytecode deserialization / verification failed, including script function not found or invalid arguments",
  "accumulator_root_hash": "0xe175c951be28bddc1efd650ee7d3331570badd38f67c1b490199a486130b3fe7",
  "changes": [
    {
      "type": "write_resource",
      "address": "0xa550c18",
      "state_key_hash": "0xa85a3f04345fb96b11d0e4f8b85a04475452f309d6305d8a4de891bd22392995",
      "data": {
        "type": "0x1::Account::Account",
        "data": {
          "authentication_key": "0x7deeccb1080854f499ec8b4c1b213b82c5e34b925cf6875fec02d4b77adbd2d6",
          "self_address": "0xa550c18",
          "sequence_number": "1"
        }
      }
    },
    {
      "type": "write_resource",
      "address": "0xa550c18",
      "state_key_hash": "0x6b3ef01fe5ffd2a5a4bc8921a900ff6281fce77cda659e1b89c93a08e7a6507f",
      "data": {
        "type": "0x1::TestCoin::Balance",
        "data": {
          "coin": {
            "value": "18446744073709551615"
          }
        }
      }
    },
    {
      "type": "write_resource",
      "address": "0xa550c18",
      "state_key_hash": "0x6361dc2da389b51bf777ae884a8481cb828da9db1df3120b25046820a283770f",
      "data": {
        "type": "0x1::TestCoin::CoinInfo",
        "data": {
          "scaling_factor": "1000000",
          "total_value": "18446744073709551615"
        }
      }
    }
  ],
  "sender": "0xa550c18",
  "sequence_number": "0",
  "max_gas_amount": "2000",
  "gas_unit_price": "0",
  "gas_currency_code": "XUS",
  "expiration_timestamp_secs": "18446744073709551615",
  "payload": {
    "type": "script_function_payload",
    "function": "0x1222::TestCoin::transfer",
    "type_arguments": [],
    "arguments": [
      "0x00000000000000000000000000000000000000000000000000000000000000dd",
      "0x0100000000000000"
    ]
  },
  "signature": {
    "type": "ed25519_signature",
    "public_key": "0xb9c6ee1630ef3e711144a648db06bbb2284f7274cfbee53ffcee503cc1a49200",
    "signature": "0x85a13ad035b44e0925d0d9768c8ddf9402c181f16d20f896bb1e65c2a879eacd2516bd184353529ba50e4952eb4accf9d072d05b3834f533314a34b786163f01"
  },
  "events": [],
  "timestamp": "1"
}
