{
  "type": "user_transaction",
  "version": "4",
  "hash": "0x6bb8523ed342ba8f8142042b77e08c1d4fad3ba6673f109f37cd0865adafbd1c",
  "state_root_hash": "0x0c5eaae38bebb15d90fa355b71af86346ef08a9daf90943332994b14423c9f45",
  "event_root_hash": "0x414343554d554c41544f525f504c414345484f4c4445525f4841534800000000",
  "gas_used": "26",
  "success": false,
  "vm_status": "Move abort by LIMIT_EXCEEDED - EINSUFFICIENT_BALANCE\n A limit on an amount, e.g. a currency, is exceeded. Example: withdrawal of money after account limits window\n is exhausted.\n Error codes",
  "accumulator_root_hash": "0xa32f6cad68efc4c32e74f741abd3c79293ff413646ce353cef5bc6be39d0778f",
  "changes": [
    {
      "type": "write_resource",
      "address": "0xa550c18",
      "state_key_hash": "0x6361dc2da389b51bf777ae884a8481cb828da9db1df3120b25046820a283770f",
      "data": {
        "type": "0x1::TestCoin::CoinInfo",
        "data": {
          "scaling_factor": "1000000",
          "total_value": "18446744073709551615"
        }
      }
    },
    {
      "type": "write_resource",
      "address": "0xe60912ecb0a8c365d163d258f3b9f1b62f8f9148c207643864d7ed4a2b23159",
      "state_key_hash": "0xef168b1e7ff11082ccb95c00354bce60695449d7fc4b0c83b481a95133bbc9ce",
      "data": {
        "type": "0x1::Account::Account",
        "data": {
          "authentication_key": "0x0e60912ecb0a8c365d163d258f3b9f1b62f8f9148c207643864d7ed4a2b23159",
          "self_address": "0xe60912ecb0a8c365d163d258f3b9f1b62f8f9148c207643864d7ed4a2b23159",
          "sequence_number": "1"
        }
      }
    },
    {
      "type": "write_resource",
      "address": "0xe60912ecb0a8c365d163d258f3b9f1b62f8f9148c207643864d7ed4a2b23159",
      "state_key_hash": "0x78b4fe92df14f1bbb0363a2fe287f1d97c7f42bb48cbf38ce43f726da5ce9194",
      "data": {
        "type": "0x1::TestCoin::Balance",
        "data": {
          "coin": {
            "value": "0"
          }
        }
      }
    }
  ],
  "sender": "0xe60912ecb0a8c365d163d258f3b9f1b62f8f9148c207643864d7ed4a2b23159",
  "sequence_number": "0",
  "max_gas_amount": "2000",
  "gas_unit_price": "0",
  "gas_currency_code": "XUS",
  "expiration_timestamp_secs": "18446744073709551615",
  "payload": {
    "type": "script_function_payload",
    "function": "0x1::TestCoin::transfer",
    "type_arguments": [],
    "arguments": [
      "0xdd",
      "123"
    ]
  },
  "signature": {
    "type": "ed25519_signature",
    "public_key": "0xafb4905e9550cf462a82007824a055d975ae934470c477d9ddbb6d2b264c36fa",
    "signature": "0xbf29e08e9d3ecad55cf6f00fdd1c4b9792621012a2c572509d9de53f1dd6736e2ac7df52dd617c5fc683ab1e63241833b52882d1050c41fcf9400663ddf2ce07"
  },
  "events": [],
  "timestamp": "2"
}
