[
  {
    "type": "block_metadata_transaction",
    "version": "1",
    "hash": "0xa8fc186c28fc0f95b8233651438093e8e215a51dcd16475f5e68c0a421f6305c",
    "state_root_hash": "0x8d53a7b4ac7997510b2f8141aee7e0e1c24e43c404c3170930a5606a650b22b3",
    "event_root_hash": "0xd62c85b93234824cf825e9c028c3bcc59b06926039721bd7edd76b56ae9fcecf",
    "gas_used": "0",
    "success": true,
    "vm_status": "Executed successfully",
    "accumulator_root_hash": "0x7cbdf90b0787d68f6907f8f7a91903b45db7f4912df4f6d16698df15878fb74d",
    "changes": [
      {
        "type": "write_resource",
        "address": "0xa550c18",
        "state_key_hash": "0x7e8bea72fc5af8587e37495c9bcbf1a1ed13674251622b4ed373884bf9749972",
        "data": {
          "type": "0x1::Block::BlockMetadata",
          "data": {
            "height": "1",
            "new_block_events": {
              "counter": "1",
              "guid": {
                "guid": {
                  "id": {
                    "addr": "0xa550c18",
                    "creation_num": "5"
                  }
                },
                "len_bytes": 40
              }
            }
          }
        }
      },
      {
        "type": "write_resource",
        "address": "0xa550c18",
        "state_key_hash": "0x3ca60dda914f0541ea08b55c9d4b0952e032e54065e1876b5d41cdcff924ae6b",
        "data": {
          "type": "0x1::Timestamp::CurrentTimeMicroseconds",
          "data": {
            "microseconds": "1"
          }
        }
      }
    ],
    "id": "0xf44b581f23222c10916b17a369b4da039d075952b58036f2a7b561446592403c",
    "round": "1",
    "previous_block_votes": [],
    "proposer": "0xf85fd00e30cd388d2609db24d6cc44f2652f27413456938eaa059f65231647cc",
    "timestamp": "1"
  },
  {
    "type": "user_transaction",
    "version": "2",
    "hash": "0x2eefdb1220b8b58b7a70f789c604ea5b95b48a60da2bd2606a0f966c85c703ad",
    "state_root_hash": "0xa41bdb32a4924e3a0ac1ead5887256f346b226100b0545178bf8a0a603e19ddd",
    "event_root_hash": "0x414343554d554c41544f525f504c414345484f4c4445525f4841534800000000",
    "gas_used": "92",
    "success": true,
    "vm_status": "Executed successfully",
    "accumulator_root_hash": "0x3ee47cb2e4554bf5deda0f0c90e714669548dc3ff1b66f8ca8523f1b9d10e853",
    "changes": [
      {
        "type": "write_resource",
        "address": "0xa550c18",
        "state_key_hash": "0xa85a3f04345fb96b11d0e4f8b85a04475452f309d6305d8a4de891bd22392995",
        "data": {
          "type": "0x1::Account::Account",
          "data": {
            "authentication_key": "0x7deeccb1080854f499ec8b4c1b213b82c5e34b925cf6875fec02d4b77adbd2d6",
            "self_address": "0xa550c18",
            "sequence_number": "1"
          }
        }
      },
      {
        "type": "write_resource",
        "address": "0xa550c18",
        "state_key_hash": "0x6b3ef01fe5ffd2a5a4bc8921a900ff6281fce77cda659e1b89c93a08e7a6507f",
        "data": {
          "type": "0x1::TestCoin::Balance",
          "data": {
            "coin": {
              "value": "18446744073709551615"
            }
          }
        }
      },
      {
        "type": "write_resource",
        "address": "0xa550c18",
        "state_key_hash": "0x6361dc2da389b51bf777ae884a8481cb828da9db1df3120b25046820a283770f",
        "data": {
          "type": "0x1::TestCoin::CoinInfo",
          "data": {
            "scaling_factor": "1000000",
            "total_value": "18446744073709551615"
          }
        }
      },
      {
        "type": "write_resource",
        "address": "0xe60912ecb0a8c365d163d258f3b9f1b62f8f9148c207643864d7ed4a2b23159",
        "state_key_hash": "0xef168b1e7ff11082ccb95c00354bce60695449d7fc4b0c83b481a95133bbc9ce",
        "data": {
          "type": "0x1::Account::Account",
          "data": {
            "authentication_key": "0x0e60912ecb0a8c365d163d258f3b9f1b62f8f9148c207643864d7ed4a2b23159",
            "self_address": "0xe60912ecb0a8c365d163d258f3b9f1b62f8f9148c207643864d7ed4a2b23159",
            "sequence_number": "0"
          }
        }
      },
      {
        "type": "write_resource",
        "address": "0xe60912ecb0a8c365d163d258f3b9f1b62f8f9148c207643864d7ed4a2b23159",
        "state_key_hash": "0xb578f1f36209c64335508215430e2f9dea45efaf53b8941995ae8f2324109fe9",
        "data": {
          "type": "0x1::GUID::Generator",
          "data": {
            "counter": "2"
          }
        }
      },
      {
        "type": "write_resource",
        "address": "0xe60912ecb0a8c365d163d258f3b9f1b62f8f9148c207643864d7ed4a2b23159",
        "state_key_hash": "0x78b4fe92df14f1bbb0363a2fe287f1d97c7f42bb48cbf38ce43f726da5ce9194",
        "data": {
          "type": "0x1::TestCoin::Balance",
          "data": {
            "coin": {
              "value": "0"
            }
          }
        }
      },
      {
        "type": "write_resource",
        "address": "0xe60912ecb0a8c365d163d258f3b9f1b62f8f9148c207643864d7ed4a2b23159",
        "state_key_hash": "0x9598bca9766221a341f76a5fc7e818b2748060569637fcd2f59c6a7ccc01b313",
        "data": {
          "type": "0x1::TestCoin::TransferEvents",
          "data": {
            "received_events": {
              "counter": "0",
              "guid": {
                "guid": {
                  "id": {
                    "addr": "0xe60912ecb0a8c365d163d258f3b9f1b62f8f9148c207643864d7ed4a2b23159",
                    "creation_num": "1"
                  }
                },
                "len_bytes": 40
              }
            },
            "sent_events": {
              "counter": "0",
              "guid": {
                "guid": {
                  "id": {
                    "addr": "0xe60912ecb0a8c365d163d258f3b9f1b62f8f9148c207643864d7ed4a2b23159",
                    "creation_num": "0"
                  }
                },
                "len_bytes": 40
              }
            }
          }
        }
      }
    ],
    "sender": "0xa550c18",
    "sequence_number": "0",
    "max_gas_amount": "2000",
    "gas_unit_price": "0",
    "gas_currency_code": "XUS",
    "expiration_timestamp_secs": "18446744073709551615",
    "payload": {
      "type": "script_function_payload",
      "function": "0x1::Account::create_account",
      "type_arguments": [],
      "arguments": [
        "0xe60912ecb0a8c365d163d258f3b9f1b62f8f9148c207643864d7ed4a2b23159"
      ]
    },
    "signature": {
      "type": "ed25519_signature",
      "public_key": "0xb9c6ee1630ef3e711144a648db06bbb2284f7274cfbee53ffcee503cc1a49200",
      "signature": "0xbf496107afc5d31cf1b4f1dc79ddc745851e0ceb91cd9c77e938a5896c696e9674d0643ff41a74cb430a376e17878931f020d13c4590a815e58ce89c5431d209"
    },
    "events": [],
    "timestamp": "1"
  }
]
